Notice: Undefined index: SERVER_NAME in /var/www/backstage.ekalexandria.org/public/wp-content/plugins/LayerSlider/classes/class.km.autoupdate.v3.php on line 74
Notice: Function register_uninstall_hook was called <strong>incorrectly</strong>. Only a static class method or function can be used in an uninstall hook. Please see <a href="https://developer.wordpress.org/advanced-administration/debug/debug-wordpress/">Debugging in WordPress</a> for more information. (This message was added in version 3.1.0.) in /var/www/backstage.ekalexandria.org/public/wp-includes/functions.php on line 6170
Notice: Η συνάρτηση _load_textdomain_just_in_time κλήθηκε <strong>εσφαλμένα</strong>. Η φόρτωση της μετάφρασης για τον τομέα <code>mfn-opts</code> ενεργοποιήθηκε πολύ νωρίς. Αυτό είναι συνήθως ένδειξη για κάποιο κώδικα στο πρόσθετο ή το θέμα που εκτελείται πολύ νωρίς. Οι μεταφράσεις θα πρέπει να φορτώνονται στην ενέργεια <code>init</code> ή αργότερα. Παρακαλώ δείτε τη σελίδα <a href="https://developer.wordpress.org/advanced-administration/debug/debug-wordpress/">Debugging in WordPress</a> για περισσότερες πληροφορίες. (Το μήνυμα αυτό προστέθηκε στην έκδ. 6.7.0.) in /var/www/backstage.ekalexandria.org/public/wp-includes/functions.php on line 6170
Deprecated: Methods with the same name as their class will not be constructors in a future version of PHP; Mfn_Flickr_Widget has a deprecated constructor in /var/www/backstage.ekalexandria.org/public/wp-content/themes/betheme/functions/widget-flickr.php on line 10
Deprecated: Methods with the same name as their class will not be constructors in a future version of PHP; Mfn_Login_Widget has a deprecated constructor in /var/www/backstage.ekalexandria.org/public/wp-content/themes/betheme/functions/widget-login.php on line 10
Deprecated: Methods with the same name as their class will not be constructors in a future version of PHP; Mfn_Menu_Widget has a deprecated constructor in /var/www/backstage.ekalexandria.org/public/wp-content/themes/betheme/functions/widget-menu.php on line 10
Deprecated: Methods with the same name as their class will not be constructors in a future version of PHP; Mfn_Recent_Comments_Widget has a deprecated constructor in /var/www/backstage.ekalexandria.org/public/wp-content/themes/betheme/functions/widget-recent-comments.php on line 10
Deprecated: Methods with the same name as their class will not be constructors in a future version of PHP; Mfn_Recent_Posts_Widget has a deprecated constructor in /var/www/backstage.ekalexandria.org/public/wp-content/themes/betheme/functions/widget-recent-posts.php on line 10
Deprecated: Methods with the same name as their class will not be constructors in a future version of PHP; Mfn_Tag_Cloud_Widget has a deprecated constructor in /var/www/backstage.ekalexandria.org/public/wp-content/themes/betheme/functions/widget-tag-cloud.php on line 10
Deprecated: Η κληθείσα μέθοδος δημιουργίας για την class WP_Widget σε Mfn_Flickr_Widget έχει <strong>καταργηθεί</strong> από την έκδοση 4.3.0! Χρησιμοποιήστε την <code>__construct()</code> αντί αυτής. in /var/www/backstage.ekalexandria.org/public/wp-includes/functions.php on line 6170
Deprecated: Η κληθείσα μέθοδος δημιουργίας για την class WP_Widget σε Mfn_Login_Widget έχει <strong>καταργηθεί</strong> από την έκδοση 4.3.0! Χρησιμοποιήστε την <code>__construct()</code> αντί αυτής. in /var/www/backstage.ekalexandria.org/public/wp-includes/functions.php on line 6170
Deprecated: Η κληθείσα μέθοδος δημιουργίας για την class WP_Widget σε Mfn_Menu_Widget έχει <strong>καταργηθεί</strong> από την έκδοση 4.3.0! Χρησιμοποιήστε την <code>__construct()</code> αντί αυτής. in /var/www/backstage.ekalexandria.org/public/wp-includes/functions.php on line 6170
Deprecated: Η κληθείσα μέθοδος δημιουργίας για την class WP_Widget σε Mfn_Recent_Comments_Widget έχει <strong>καταργηθεί</strong> από την έκδοση 4.3.0! Χρησιμοποιήστε την <code>__construct()</code> αντί αυτής. in /var/www/backstage.ekalexandria.org/public/wp-includes/functions.php on line 6170
Deprecated: Η κληθείσα μέθοδος δημιουργίας για την class WP_Widget σε Mfn_Recent_Posts_Widget έχει <strong>καταργηθεί</strong> από την έκδοση 4.3.0! Χρησιμοποιήστε την <code>__construct()</code> αντί αυτής. in /var/www/backstage.ekalexandria.org/public/wp-includes/functions.php on line 6170
Deprecated: Η κληθείσα μέθοδος δημιουργίας για την class WP_Widget σε Mfn_Tag_Cloud_Widget έχει <strong>καταργηθεί</strong> από την έκδοση 4.3.0! Χρησιμοποιήστε την <code>__construct()</code> αντί αυτής. in /var/www/backstage.ekalexandria.org/public/wp-includes/functions.php on line 6170
Deprecated: Unparenthesized `a ? b : c ? d : e` is deprecated. Use either `(a ? b : c) ? d : e` or `a ? b : (c ? d : e)` in /var/www/backstage.ekalexandria.org/public/wp-content/plugins/js_composer/include/classes/editors/class-vc-frontend-editor.php on line 339
Deprecated: The each() function is deprecated. This message will be suppressed on further calls in /var/www/backstage.ekalexandria.org/public/wp-content/plugins/js_composer/include/classes/core/class-vc-mapper.php on line 61
Starting Phase 3 BeTheme Configuration & Layout Scoping...
Extracting BeTheme Theme Options...
Saved BeTheme config scoping to: /var/www/backstage.ekalexandria.org/public/wp-content/themes/ekalexandria-flagship/ai-work/scopings/betheme-config-scoping.json
Cataloging MFN Builder Pages...
Saved 11 MFN Builder pages to: /var/www/backstage.ekalexandria.org/public/wp-content/themes/ekalexandria-flagship/ai-work/scopings/mfn-pages.json
Extracting Database & Customizer Custom CSS...
Saved extracted custom CSS (5389 bytes) to: /var/www/backstage.ekalexandria.org/public/wp-content/themes/ekalexandria-flagship/ai-work/scopings/betheme-custom-css.css
BeTheme Configuration Scoping Completed Successfully!
(node:135872) [DEP0176] DeprecationWarning: fs.F_OK is deprecated, use fs.constants.F_OK instead
(Use `node --trace-deprecation ...` to show where the warning was created)

/home/alexseif/.npm/_npx/c14ab5dfe5bb1347/node_modules/request-promise-core/lib/errors.js:14
        Error.captureStackTrace(this);
              ^
RequestError: Error: self-signed certificate; if the root CA is installed locally, try running Node.js with --use-system-ca
    at new RequestError (/home/alexseif/.npm/_npx/c14ab5dfe5bb1347/node_modules/request-promise-core/lib/errors.js:14:15)
    at plumbing.callback (/home/alexseif/.npm/_npx/c14ab5dfe5bb1347/node_modules/request-promise-core/lib/plumbing.js:87:29)
    at Request.RP$callback [as _callback] (/home/alexseif/.npm/_npx/c14ab5dfe5bb1347/node_modules/request-promise-core/lib/plumbing.js:46:31)
    at self.callback (/home/alexseif/.npm/_npx/c14ab5dfe5bb1347/node_modules/request/request.js:185:22)
    at Request.emit (node:events:508:28)
    at Request.onRequestError (/home/alexseif/.npm/_npx/c14ab5dfe5bb1347/node_modules/request/request.js:877:8)
    at ClientRequest.emit (node:events:508:28)
    at emitErrorEvent (node:_http_client:107:11)
    at TLSSocket.socketErrorListener (node:_http_client:574:5)
    at TLSSocket.emit (node:events:508:28) {
  cause: Error: self-signed certificate; if the root CA is installed locally, try running Node.js with --use-system-ca
      at TLSSocket.onConnectSecure (node:_tls_wrap:1631:34)
      at TLSSocket.emit (node:events:508:28)
      at TLSSocket._finishInit (node:_tls_wrap:1077:8)
      at ssl.onhandshakedone (node:_tls_wrap:863:12) {
    code: 'DEPTH_ZERO_SELF_SIGNED_CERT'
  },
  error: Error: self-signed certificate; if the root CA is installed locally, try running Node.js with --use-system-ca
      at TLSSocket.onConnectSecure (node:_tls_wrap:1631:34)
      at TLSSocket.emit (node:events:508:28)
      at TLSSocket._finishInit (node:_tls_wrap:1077:8)
      at ssl.onhandshakedone (node:_tls_wrap:863:12) {
    code: 'DEPTH_ZERO_SELF_SIGNED_CERT'
  },
  options: {
    encoding: null,
    gzip: true,
    jar: RequestJar {
      _jar: CookieJar {
        enableLooseMode: true,
        store: MemoryCookieStore { idx: {} }
      }
    },
    strictSSL: true,
    forever: true,
    headers: {
      'User-Agent': 'uncss',
      'Accept-Language': 'en',
      Accept: 'text/html,application/xhtml+xml,application/xml;q=0.9,*/*;q=0.8'
    },
    uri: 'https://backstage.ekalexandria.org/el/',
    callback: [Function: RP$callback],
    transform: undefined,
    simple: true,
    resolveWithFullResponse: false,
    transform2xxOnly: false
  },
  response: undefined
}

Node.js v24.9.0
(node:136018) Warning: Setting the NODE_TLS_REJECT_UNAUTHORIZED environment variable to '0' makes TLS connections and HTTPS requests insecure by disabling certificate verification.
(Use `node --trace-warnings ...` to show where the warning was created)
(node:136039) [DEP0176] DeprecationWarning: fs.F_OK is deprecated, use fs.constants.F_OK instead
(Use `node --trace-deprecation ...` to show where the warning was created)
(node:136039) Warning: Setting the NODE_TLS_REJECT_UNAUTHORIZED environment variable to '0' makes TLS connections and HTTPS requests insecure by disabling certificate verification.

/home/alexseif/.npm/_npx/c14ab5dfe5bb1347/node_modules/request-promise-core/lib/errors.js:14
        Error.captureStackTrace(this);
              ^
RequestError: Error: SSL Error: DEPTH_ZERO_SELF_SIGNED_CERT
    at new RequestError (/home/alexseif/.npm/_npx/c14ab5dfe5bb1347/node_modules/request-promise-core/lib/errors.js:14:15)
    at plumbing.callback (/home/alexseif/.npm/_npx/c14ab5dfe5bb1347/node_modules/request-promise-core/lib/plumbing.js:87:29)
    at Request.RP$callback [as _callback] (/home/alexseif/.npm/_npx/c14ab5dfe5bb1347/node_modules/request-promise-core/lib/plumbing.js:46:31)
    at self.callback (/home/alexseif/.npm/_npx/c14ab5dfe5bb1347/node_modules/request/request.js:185:22)
    at Request.emit (node:events:508:28)
    at Request.onRequestResponse (/home/alexseif/.npm/_npx/c14ab5dfe5bb1347/node_modules/request/request.js:948:10)
    at ClientRequest.emit (node:events:508:28)
    ... 2 lines matching cause stack trace ...
    at TLSSocket.socketOnData (node:_http_client:614:22) {
  cause: Error: SSL Error: DEPTH_ZERO_SELF_SIGNED_CERT
      at Request.onRequestResponse (/home/alexseif/.npm/_npx/c14ab5dfe5bb1347/node_modules/request/request.js:948:24)
      at ClientRequest.emit (node:events:508:28)
      at HTTPParser.parserOnIncomingClient [as onIncoming] (node:_http_client:772:27)
      at HTTPParser.parserOnHeadersComplete (node:_http_common:122:17)
      at TLSSocket.socketOnData (node:_http_client:614:22)
      at TLSSocket.emit (node:events:508:28)
      at addChunk (node:internal/streams/readable:559:12)
      at readableAddChunkPushByteMode (node:internal/streams/readable:510:3)
      at Readable.push (node:internal/streams/readable:390:5)
      at TLSWrap.onStreamRead (node:internal/stream_base_commons:189:23),
  error: Error: SSL Error: DEPTH_ZERO_SELF_SIGNED_CERT
      at Request.onRequestResponse (/home/alexseif/.npm/_npx/c14ab5dfe5bb1347/node_modules/request/request.js:948:24)
      at ClientRequest.emit (node:events:508:28)
      at HTTPParser.parserOnIncomingClient [as onIncoming] (node:_http_client:772:27)
      at HTTPParser.parserOnHeadersComplete (node:_http_common:122:17)
      at TLSSocket.socketOnData (node:_http_client:614:22)
      at TLSSocket.emit (node:events:508:28)
      at addChunk (node:internal/streams/readable:559:12)
      at readableAddChunkPushByteMode (node:internal/streams/readable:510:3)
      at Readable.push (node:internal/streams/readable:390:5)
      at TLSWrap.onStreamRead (node:internal/stream_base_commons:189:23),
  options: {
    encoding: null,
    gzip: true,
    jar: RequestJar {
      _jar: CookieJar {
        enableLooseMode: true,
        store: MemoryCookieStore { idx: {} }
      }
    },
    strictSSL: true,
    forever: true,
    headers: {
      'User-Agent': 'uncss',
      'Accept-Language': 'en',
      Accept: 'text/html,application/xhtml+xml,application/xml;q=0.9,*/*;q=0.8'
    },
    uri: 'https://backstage.ekalexandria.org/el/',
    callback: [Function: RP$callback],
    transform: undefined,
    simple: true,
    resolveWithFullResponse: false,
    transform2xxOnly: false
  },
  response: undefined
}

Node.js v24.9.0
(node:136153) [DEP0176] DeprecationWarning: fs.F_OK is deprecated, use fs.constants.F_OK instead
(Use `node --trace-deprecation ...` to show where the warning was created)
/home/alexseif/.npm/_npx/c14ab5dfe5bb1347/node_modules/uncss/src/utility.js:145
        throw new Error(`UnCSS: could not open ${path.join(process.cwd(), filename)}`);
              ^

Error: UnCSS: could not open /var/www/backstage.ekalexandria.org/public/wp-content/themes/ekalexandria-flagship/ai-work/scopings/var/www/backstage.ekalexandria.org/public/wp-content/themes/betheme/style-static.css
    at /home/alexseif/.npm/_npx/c14ab5dfe5bb1347/node_modules/uncss/src/utility.js:145:15
    at Array.map (<anonymous>)
    at Object.readStylesheets (/home/alexseif/.npm/_npx/c14ab5dfe5bb1347/node_modules/uncss/src/utility.js:122:30)
    at getCSS (/home/alexseif/.npm/_npx/c14ab5dfe5bb1347/node_modules/uncss/src/uncss.js:99:49)

Node.js v24.9.0
(node:136303) [DEP0176] DeprecationWarning: fs.F_OK is deprecated, use fs.constants.F_OK instead
(Use `node --trace-deprecation ...` to show where the warning was created)
/home/alexseif/.npm/_npx/c14ab5dfe5bb1347/node_modules/uncss/src/utility.js:145
        throw new Error(`UnCSS: could not open ${path.join(process.cwd(), filename)}`);
              ^

Error: UnCSS: could not open /var/www/backstage.ekalexandria.org/public/wp-content/themes/ekalexandria-flagship/betheme/style-static.css
    at /home/alexseif/.npm/_npx/c14ab5dfe5bb1347/node_modules/uncss/src/utility.js:145:15
    at Array.map (<anonymous>)
    at Object.readStylesheets (/home/alexseif/.npm/_npx/c14ab5dfe5bb1347/node_modules/uncss/src/utility.js:122:30)
    at getCSS (/home/alexseif/.npm/_npx/c14ab5dfe5bb1347/node_modules/uncss/src/uncss.js:99:49)

Node.js v24.9.0
(node:136393) [DEP0176] DeprecationWarning: fs.F_OK is deprecated, use fs.constants.F_OK instead
(Use `node --trace-deprecation ...` to show where the warning was created)
/home/alexseif/.npm/_npx/c14ab5dfe5bb1347/node_modules/uncss/src/utility.js:145
        throw new Error(`UnCSS: could not open ${path.join(process.cwd(), filename)}`);
              ^

Error: UnCSS: could not open /var/www/backstage.ekalexandria.org/public/wp-content/themes/ekalexandria-flagship/ai-work/betheme/style-static.css
    at /home/alexseif/.npm/_npx/c14ab5dfe5bb1347/node_modules/uncss/src/utility.js:145:15
    at Array.map (<anonymous>)
    at Object.readStylesheets (/home/alexseif/.npm/_npx/c14ab5dfe5bb1347/node_modules/uncss/src/utility.js:122:30)
    at getCSS (/home/alexseif/.npm/_npx/c14ab5dfe5bb1347/node_modules/uncss/src/uncss.js:99:49)

Node.js v24.9.0
(node:136501) [DEP0176] DeprecationWarning: fs.F_OK is deprecated, use fs.constants.F_OK instead
(Use `node --trace-deprecation ...` to show where the warning was created)
Error: Could not load script: "https://backstage.ekalexandria.org/wp-content/plugins/LayerSlider/static/layerslider/js/greensock.js?ver=1.19.0"
    at onErrorWrapped (/home/alexseif/.npm/_npx/c14ab5dfe5bb1347/node_modules/jsdom/lib/jsdom/browser/resources/per-document-resource-loader.js:38:19)
    at Object.check (/home/alexseif/.npm/_npx/c14ab5dfe5bb1347/node_modules/jsdom/lib/jsdom/browser/resources/resource-queue.js:72:23)
    at /home/alexseif/.npm/_npx/c14ab5dfe5bb1347/node_modules/jsdom/lib/jsdom/browser/resources/resource-queue.js:124:14
    at process.processTicksAndRejections (node:internal/process/task_queues:105:5) RequestError: Error: self-signed certificate; if the root CA is installed locally, try running Node.js with --use-system-ca
    at new RequestError (/home/alexseif/.npm/_npx/c14ab5dfe5bb1347/node_modules/request-promise-core/lib/errors.js:14:15)
    at plumbing.callback (/home/alexseif/.npm/_npx/c14ab5dfe5bb1347/node_modules/request-promise-core/lib/plumbing.js:87:29)
    at Request.RP$callback [as _callback] (/home/alexseif/.npm/_npx/c14ab5dfe5bb1347/node_modules/request-promise-core/lib/plumbing.js:46:31)
    at self.callback (/home/alexseif/.npm/_npx/c14ab5dfe5bb1347/node_modules/request/request.js:185:22)
    at Request.emit (node:events:508:28)
    at Request.onRequestError (/home/alexseif/.npm/_npx/c14ab5dfe5bb1347/node_modules/request/request.js:877:8)
    at ClientRequest.emit (node:events:508:28)
    at emitErrorEvent (node:_http_client:107:11)
    at TLSSocket.socketErrorListener (node:_http_client:574:5)
    at TLSSocket.emit (node:events:508:28) {
  cause: Error: self-signed certificate; if the root CA is installed locally, try running Node.js with --use-system-ca
      at TLSSocket.onConnectSecure (node:_tls_wrap:1631:34)
      at TLSSocket.emit (node:events:508:28)
      at TLSSocket._finishInit (node:_tls_wrap:1077:8)
      at ssl.onhandshakedone (node:_tls_wrap:863:12) {
    code: 'DEPTH_ZERO_SELF_SIGNED_CERT'
  },
  error: Error: self-signed certificate; if the root CA is installed locally, try running Node.js with --use-system-ca
      at TLSSocket.onConnectSecure (node:_tls_wrap:1631:34)
      at TLSSocket.emit (node:events:508:28)
      at TLSSocket._finishInit (node:_tls_wrap:1077:8)
      at ssl.onhandshakedone (node:_tls_wrap:863:12) {
    code: 'DEPTH_ZERO_SELF_SIGNED_CERT'
  },
  options: {
    encoding: null,
    gzip: true,
    jar: RequestJar { _jar: [CookieJar] },
    strictSSL: true,
    forever: true,
    headers: {
      'User-Agent': 'uncss',
      'Accept-Language': 'en',
      Accept: '*/*',
      referer: 'file:///var/www/backstage.ekalexandria.org/public/wp-content/themes/ekalexandria-flagship/ai-work/scopings/index.html'
    },
    uri: 'https://backstage.ekalexandria.org/wp-content/plugins/LayerSlider/static/layerslider/js/greensock.js?ver=1.19.0',
    callback: [Function: RP$callback],
    transform: undefined,
    simple: true,
    resolveWithFullResponse: false,
    transform2xxOnly: false
  },
  response: undefined
}
Error: Could not load script: "https://backstage.ekalexandria.org/wp-includes/js/jquery/jquery.js?ver=3.7.1"
    at onErrorWrapped (/home/alexseif/.npm/_npx/c14ab5dfe5bb1347/node_modules/jsdom/lib/jsdom/browser/resources/per-document-resource-loader.js:38:19)
    at Object.check (/home/alexseif/.npm/_npx/c14ab5dfe5bb1347/node_modules/jsdom/lib/jsdom/browser/resources/resource-queue.js:72:23)
    at /home/alexseif/.npm/_npx/c14ab5dfe5bb1347/node_modules/jsdom/lib/jsdom/browser/resources/resource-queue.js:124:14
    at process.processTicksAndRejections (node:internal/process/task_queues:105:5) RequestError: Error: self-signed certificate; if the root CA is installed locally, try running Node.js with --use-system-ca
    at new RequestError (/home/alexseif/.npm/_npx/c14ab5dfe5bb1347/node_modules/request-promise-core/lib/errors.js:14:15)
    at plumbing.callback (/home/alexseif/.npm/_npx/c14ab5dfe5bb1347/node_modules/request-promise-core/lib/plumbing.js:87:29)
    at Request.RP$callback [as _callback] (/home/alexseif/.npm/_npx/c14ab5dfe5bb1347/node_modules/request-promise-core/lib/plumbing.js:46:31)
    at self.callback (/home/alexseif/.npm/_npx/c14ab5dfe5bb1347/node_modules/request/request.js:185:22)
    at Request.emit (node:events:508:28)
    at Request.onRequestError (/home/alexseif/.npm/_npx/c14ab5dfe5bb1347/node_modules/request/request.js:877:8)
    at ClientRequest.emit (node:events:508:28)
    at emitErrorEvent (node:_http_client:107:11)
    at TLSSocket.socketErrorListener (node:_http_client:574:5)
    at TLSSocket.emit (node:events:508:28) {
  cause: Error: self-signed certificate; if the root CA is installed locally, try running Node.js with --use-system-ca
      at TLSSocket.onConnectSecure (node:_tls_wrap:1631:34)
      at TLSSocket.emit (node:events:508:28)
      at TLSSocket._finishInit (node:_tls_wrap:1077:8)
      at ssl.onhandshakedone (node:_tls_wrap:863:12) {
    code: 'DEPTH_ZERO_SELF_SIGNED_CERT'
  },
  error: Error: self-signed certificate; if the root CA is installed locally, try running Node.js with --use-system-ca
      at TLSSocket.onConnectSecure (node:_tls_wrap:1631:34)
      at TLSSocket.emit (node:events:508:28)
      at TLSSocket._finishInit (node:_tls_wrap:1077:8)
      at ssl.onhandshakedone (node:_tls_wrap:863:12) {
    code: 'DEPTH_ZERO_SELF_SIGNED_CERT'
  },
  options: {
    encoding: null,
    gzip: true,
    jar: RequestJar { _jar: [CookieJar] },
    strictSSL: true,
    forever: true,
    headers: {
      'User-Agent': 'uncss',
      'Accept-Language': 'en',
      Accept: '*/*',
      referer: 'file:///var/www/backstage.ekalexandria.org/public/wp-content/themes/ekalexandria-flagship/ai-work/scopings/index.html'
    },
    uri: 'https://backstage.ekalexandria.org/wp-includes/js/jquery/jquery.js?ver=3.7.1',
    callback: [Function: RP$callback],
    transform: undefined,
    simple: true,
    resolveWithFullResponse: false,
    transform2xxOnly: false
  },
  response: undefined
}
Error: Could not load script: "https://backstage.ekalexandria.org/wp-includes/js/jquery/jquery-migrate.js?ver=3.4.1"
    at onErrorWrapped (/home/alexseif/.npm/_npx/c14ab5dfe5bb1347/node_modules/jsdom/lib/jsdom/browser/resources/per-document-resource-loader.js:38:19)
    at Object.check (/home/alexseif/.npm/_npx/c14ab5dfe5bb1347/node_modules/jsdom/lib/jsdom/browser/resources/resource-queue.js:72:23)
    at /home/alexseif/.npm/_npx/c14ab5dfe5bb1347/node_modules/jsdom/lib/jsdom/browser/resources/resource-queue.js:124:14
    at process.processTicksAndRejections (node:internal/process/task_queues:105:5) RequestError: Error: self-signed certificate; if the root CA is installed locally, try running Node.js with --use-system-ca
    at new RequestError (/home/alexseif/.npm/_npx/c14ab5dfe5bb1347/node_modules/request-promise-core/lib/errors.js:14:15)
    at plumbing.callback (/home/alexseif/.npm/_npx/c14ab5dfe5bb1347/node_modules/request-promise-core/lib/plumbing.js:87:29)
    at Request.RP$callback [as _callback] (/home/alexseif/.npm/_npx/c14ab5dfe5bb1347/node_modules/request-promise-core/lib/plumbing.js:46:31)
    at self.callback (/home/alexseif/.npm/_npx/c14ab5dfe5bb1347/node_modules/request/request.js:185:22)
    at Request.emit (node:events:508:28)
    at Request.onRequestError (/home/alexseif/.npm/_npx/c14ab5dfe5bb1347/node_modules/request/request.js:877:8)
    at ClientRequest.emit (node:events:508:28)
    at emitErrorEvent (node:_http_client:107:11)
    at TLSSocket.socketErrorListener (node:_http_client:574:5)
    at TLSSocket.emit (node:events:508:28) {
  cause: Error: self-signed certificate; if the root CA is installed locally, try running Node.js with --use-system-ca
      at TLSSocket.onConnectSecure (node:_tls_wrap:1631:34)
      at TLSSocket.emit (node:events:508:28)
      at TLSSocket._finishInit (node:_tls_wrap:1077:8)
      at ssl.onhandshakedone (node:_tls_wrap:863:12) {
    code: 'DEPTH_ZERO_SELF_SIGNED_CERT'
  },
  error: Error: self-signed certificate; if the root CA is installed locally, try running Node.js with --use-system-ca
      at TLSSocket.onConnectSecure (node:_tls_wrap:1631:34)
      at TLSSocket.emit (node:events:508:28)
      at TLSSocket._finishInit (node:_tls_wrap:1077:8)
      at ssl.onhandshakedone (node:_tls_wrap:863:12) {
    code: 'DEPTH_ZERO_SELF_SIGNED_CERT'
  },
  options: {
    encoding: null,
    gzip: true,
    jar: RequestJar { _jar: [CookieJar] },
    strictSSL: true,
    forever: true,
    headers: {
      'User-Agent': 'uncss',
      'Accept-Language': 'en',
      Accept: '*/*',
      referer: 'file:///var/www/backstage.ekalexandria.org/public/wp-content/themes/ekalexandria-flagship/ai-work/scopings/index.html'
    },
    uri: 'https://backstage.ekalexandria.org/wp-includes/js/jquery/jquery-migrate.js?ver=3.4.1',
    callback: [Function: RP$callback],
    transform: undefined,
    simple: true,
    resolveWithFullResponse: false,
    transform2xxOnly: false
  },
  response: undefined
}
Error: Could not load script: "https://backstage.ekalexandria.org/wp-content/plugins/LayerSlider/static/layerslider/js/layerslider.kreaturamedia.jquery.js?ver=6.6.7"
    at onErrorWrapped (/home/alexseif/.npm/_npx/c14ab5dfe5bb1347/node_modules/jsdom/lib/jsdom/browser/resources/per-document-resource-loader.js:38:19)
    at Object.check (/home/alexseif/.npm/_npx/c14ab5dfe5bb1347/node_modules/jsdom/lib/jsdom/browser/resources/resource-queue.js:72:23)
    at /home/alexseif/.npm/_npx/c14ab5dfe5bb1347/node_modules/jsdom/lib/jsdom/browser/resources/resource-queue.js:124:14
    at process.processTicksAndRejections (node:internal/process/task_queues:105:5) RequestError: Error: self-signed certificate; if the root CA is installed locally, try running Node.js with --use-system-ca
    at new RequestError (/home/alexseif/.npm/_npx/c14ab5dfe5bb1347/node_modules/request-promise-core/lib/errors.js:14:15)
    at plumbing.callback (/home/alexseif/.npm/_npx/c14ab5dfe5bb1347/node_modules/request-promise-core/lib/plumbing.js:87:29)
    at Request.RP$callback [as _callback] (/home/alexseif/.npm/_npx/c14ab5dfe5bb1347/node_modules/request-promise-core/lib/plumbing.js:46:31)
    at self.callback (/home/alexseif/.npm/_npx/c14ab5dfe5bb1347/node_modules/request/request.js:185:22)
    at Request.emit (node:events:508:28)
    at Request.onRequestError (/home/alexseif/.npm/_npx/c14ab5dfe5bb1347/node_modules/request/request.js:877:8)
    at ClientRequest.emit (node:events:508:28)
    at emitErrorEvent (node:_http_client:107:11)
    at TLSSocket.socketErrorListener (node:_http_client:574:5)
    at TLSSocket.emit (node:events:508:28) {
  cause: Error: self-signed certificate; if the root CA is installed locally, try running Node.js with --use-system-ca
      at TLSSocket.onConnectSecure (node:_tls_wrap:1631:34)
      at TLSSocket.emit (node:events:508:28)
      at TLSSocket._finishInit (node:_tls_wrap:1077:8)
      at ssl.onhandshakedone (node:_tls_wrap:863:12) {
    code: 'DEPTH_ZERO_SELF_SIGNED_CERT'
  },
  error: Error: self-signed certificate; if the root CA is installed locally, try running Node.js with --use-system-ca
      at TLSSocket.onConnectSecure (node:_tls_wrap:1631:34)
      at TLSSocket.emit (node:events:508:28)
      at TLSSocket._finishInit (node:_tls_wrap:1077:8)
      at ssl.onhandshakedone (node:_tls_wrap:863:12) {
    code: 'DEPTH_ZERO_SELF_SIGNED_CERT'
  },
  options: {
    encoding: null,
    gzip: true,
    jar: RequestJar { _jar: [CookieJar] },
    strictSSL: true,
    forever: true,
    headers: {
      'User-Agent': 'uncss',
      'Accept-Language': 'en',
      Accept: '*/*',
      referer: 'file:///var/www/backstage.ekalexandria.org/public/wp-content/themes/ekalexandria-flagship/ai-work/scopings/index.html'
    },
    uri: 'https://backstage.ekalexandria.org/wp-content/plugins/LayerSlider/static/layerslider/js/layerslider.kreaturamedia.jquery.js?ver=6.6.7',
    callback: [Function: RP$callback],
    transform: undefined,
    simple: true,
    resolveWithFullResponse: false,
    transform2xxOnly: false
  },
  response: undefined
}
Error: Could not load script: "https://backstage.ekalexandria.org/wp-content/plugins/LayerSlider/static/layerslider/js/layerslider.transitions.js?ver=6.6.7"
    at onErrorWrapped (/home/alexseif/.npm/_npx/c14ab5dfe5bb1347/node_modules/jsdom/lib/jsdom/browser/resources/per-document-resource-loader.js:38:19)
    at Object.check (/home/alexseif/.npm/_npx/c14ab5dfe5bb1347/node_modules/jsdom/lib/jsdom/browser/resources/resource-queue.js:72:23)
    at /home/alexseif/.npm/_npx/c14ab5dfe5bb1347/node_modules/jsdom/lib/jsdom/browser/resources/resource-queue.js:124:14
    at process.processTicksAndRejections (node:internal/process/task_queues:105:5) RequestError: Error: self-signed certificate; if the root CA is installed locally, try running Node.js with --use-system-ca
    at new RequestError (/home/alexseif/.npm/_npx/c14ab5dfe5bb1347/node_modules/request-promise-core/lib/errors.js:14:15)
    at plumbing.callback (/home/alexseif/.npm/_npx/c14ab5dfe5bb1347/node_modules/request-promise-core/lib/plumbing.js:87:29)
    at Request.RP$callback [as _callback] (/home/alexseif/.npm/_npx/c14ab5dfe5bb1347/node_modules/request-promise-core/lib/plumbing.js:46:31)
    at self.callback (/home/alexseif/.npm/_npx/c14ab5dfe5bb1347/node_modules/request/request.js:185:22)
    at Request.emit (node:events:508:28)
    at Request.onRequestError (/home/alexseif/.npm/_npx/c14ab5dfe5bb1347/node_modules/request/request.js:877:8)
    at ClientRequest.emit (node:events:508:28)
    at emitErrorEvent (node:_http_client:107:11)
    at TLSSocket.socketErrorListener (node:_http_client:574:5)
    at TLSSocket.emit (node:events:508:28) {
  cause: Error: self-signed certificate; if the root CA is installed locally, try running Node.js with --use-system-ca
      at TLSSocket.onConnectSecure (node:_tls_wrap:1631:34)
      at TLSSocket.emit (node:events:508:28)
      at TLSSocket._finishInit (node:_tls_wrap:1077:8)
      at ssl.onhandshakedone (node:_tls_wrap:863:12) {
    code: 'DEPTH_ZERO_SELF_SIGNED_CERT'
  },
  error: Error: self-signed certificate; if the root CA is installed locally, try running Node.js with --use-system-ca
      at TLSSocket.onConnectSecure (node:_tls_wrap:1631:34)
      at TLSSocket.emit (node:events:508:28)
      at TLSSocket._finishInit (node:_tls_wrap:1077:8)
      at ssl.onhandshakedone (node:_tls_wrap:863:12) {
    code: 'DEPTH_ZERO_SELF_SIGNED_CERT'
  },
  options: {
    encoding: null,
    gzip: true,
    jar: RequestJar { _jar: [CookieJar] },
    strictSSL: true,
    forever: true,
    headers: {
      'User-Agent': 'uncss',
      'Accept-Language': 'en',
      Accept: '*/*',
      referer: 'file:///var/www/backstage.ekalexandria.org/public/wp-content/themes/ekalexandria-flagship/ai-work/scopings/index.html'
    },
    uri: 'https://backstage.ekalexandria.org/wp-content/plugins/LayerSlider/static/layerslider/js/layerslider.transitions.js?ver=6.6.7',
    callback: [Function: RP$callback],
    transform: undefined,
    simple: true,
    resolveWithFullResponse: false,
    transform2xxOnly: false
  },
  response: undefined
}
Error: Uncaught [ReferenceError: jQuery is not defined]
    at reportException (/home/alexseif/.npm/_npx/c14ab5dfe5bb1347/node_modules/jsdom/lib/jsdom/living/helpers/runtime-script-errors.js:62:24)
    at processJavaScript (/home/alexseif/.npm/_npx/c14ab5dfe5bb1347/node_modules/jsdom/lib/jsdom/living/nodes/HTMLScriptElement-impl.js:243:7)
    at HTMLScriptElementImpl._innerEval (/home/alexseif/.npm/_npx/c14ab5dfe5bb1347/node_modules/jsdom/lib/jsdom/living/nodes/HTMLScriptElement-impl.js:168:5)
    at /home/alexseif/.npm/_npx/c14ab5dfe5bb1347/node_modules/jsdom/lib/jsdom/living/nodes/HTMLScriptElement-impl.js:107:12
    at Object.check (/home/alexseif/.npm/_npx/c14ab5dfe5bb1347/node_modules/jsdom/lib/jsdom/browser/resources/resource-queue.js:76:23)
    at /home/alexseif/.npm/_npx/c14ab5dfe5bb1347/node_modules/jsdom/lib/jsdom/browser/resources/resource-queue.js:83:27
    at process.processTicksAndRejections (node:internal/process/task_queues:105:5) ReferenceError: jQuery is not defined
    at file:///var/www/backstage.ekalexandria.org/public/wp-content/themes/ekalexandria-flagship/ai-work/scopings/index.html:3:1
    at Script.runInContext (node:vm:149:12)
    at Object.runInContext (node:vm:301:6)
    at processJavaScript (/home/alexseif/.npm/_npx/c14ab5dfe5bb1347/node_modules/jsdom/lib/jsdom/living/nodes/HTMLScriptElement-impl.js:241:10)
    at HTMLScriptElementImpl._innerEval (/home/alexseif/.npm/_npx/c14ab5dfe5bb1347/node_modules/jsdom/lib/jsdom/living/nodes/HTMLScriptElement-impl.js:168:5)
    at /home/alexseif/.npm/_npx/c14ab5dfe5bb1347/node_modules/jsdom/lib/jsdom/living/nodes/HTMLScriptElement-impl.js:107:12
    at Object.check (/home/alexseif/.npm/_npx/c14ab5dfe5bb1347/node_modules/jsdom/lib/jsdom/browser/resources/resource-queue.js:76:23)
    at /home/alexseif/.npm/_npx/c14ab5dfe5bb1347/node_modules/jsdom/lib/jsdom/browser/resources/resource-queue.js:83:27
    at process.processTicksAndRejections (node:internal/process/task_queues:105:5)
Error: Uncaught [ReferenceError: jQuery is not defined]
    at reportException (/home/alexseif/.npm/_npx/c14ab5dfe5bb1347/node_modules/jsdom/lib/jsdom/living/helpers/runtime-script-errors.js:62:24)
    at processJavaScript (/home/alexseif/.npm/_npx/c14ab5dfe5bb1347/node_modules/jsdom/lib/jsdom/living/nodes/HTMLScriptElement-impl.js:243:7)
    at HTMLScriptElementImpl._innerEval (/home/alexseif/.npm/_npx/c14ab5dfe5bb1347/node_modules/jsdom/lib/jsdom/living/nodes/HTMLScriptElement-impl.js:168:5)
    at /home/alexseif/.npm/_npx/c14ab5dfe5bb1347/node_modules/jsdom/lib/jsdom/living/nodes/HTMLScriptElement-impl.js:107:12
    at Object.check (/home/alexseif/.npm/_npx/c14ab5dfe5bb1347/node_modules/jsdom/lib/jsdom/browser/resources/resource-queue.js:76:23)
    at /home/alexseif/.npm/_npx/c14ab5dfe5bb1347/node_modules/jsdom/lib/jsdom/browser/resources/resource-queue.js:83:27
    at process.processTicksAndRejections (node:internal/process/task_queues:105:5) ReferenceError: jQuery is not defined
    at file:///var/www/backstage.ekalexandria.org/public/wp-content/themes/ekalexandria-flagship/ai-work/scopings/index.html:1:16
    at Script.runInContext (node:vm:149:12)
    at Object.runInContext (node:vm:301:6)
    at processJavaScript (/home/alexseif/.npm/_npx/c14ab5dfe5bb1347/node_modules/jsdom/lib/jsdom/living/nodes/HTMLScriptElement-impl.js:241:10)
    at HTMLScriptElementImpl._innerEval (/home/alexseif/.npm/_npx/c14ab5dfe5bb1347/node_modules/jsdom/lib/jsdom/living/nodes/HTMLScriptElement-impl.js:168:5)
    at /home/alexseif/.npm/_npx/c14ab5dfe5bb1347/node_modules/jsdom/lib/jsdom/living/nodes/HTMLScriptElement-impl.js:107:12
    at Object.check (/home/alexseif/.npm/_npx/c14ab5dfe5bb1347/node_modules/jsdom/lib/jsdom/browser/resources/resource-queue.js:76:23)
    at /home/alexseif/.npm/_npx/c14ab5dfe5bb1347/node_modules/jsdom/lib/jsdom/browser/resources/resource-queue.js:83:27
    at process.processTicksAndRejections (node:internal/process/task_queues:105:5)
Error: Uncaught [TypeError: lsjQuery is not a function]
    at reportException (/home/alexseif/.npm/_npx/c14ab5dfe5bb1347/node_modules/jsdom/lib/jsdom/living/helpers/runtime-script-errors.js:62:24)
    at processJavaScript (/home/alexseif/.npm/_npx/c14ab5dfe5bb1347/node_modules/jsdom/lib/jsdom/living/nodes/HTMLScriptElement-impl.js:243:7)
    at HTMLScriptElementImpl._innerEval (/home/alexseif/.npm/_npx/c14ab5dfe5bb1347/node_modules/jsdom/lib/jsdom/living/nodes/HTMLScriptElement-impl.js:168:5)
    at /home/alexseif/.npm/_npx/c14ab5dfe5bb1347/node_modules/jsdom/lib/jsdom/living/nodes/HTMLScriptElement-impl.js:107:12
    at Object.check (/home/alexseif/.npm/_npx/c14ab5dfe5bb1347/node_modules/jsdom/lib/jsdom/browser/resources/resource-queue.js:76:23)
    at /home/alexseif/.npm/_npx/c14ab5dfe5bb1347/node_modules/jsdom/lib/jsdom/browser/resources/resource-queue.js:83:27
    at process.processTicksAndRejections (node:internal/process/task_queues:105:5) TypeError: lsjQuery is not a function
    at file:///var/www/backstage.ekalexandria.org/public/wp-content/themes/ekalexandria-flagship/ai-work/scopings/index.html:2:1
    at Script.runInContext (node:vm:149:12)
    at Object.runInContext (node:vm:301:6)
    at processJavaScript (/home/alexseif/.npm/_npx/c14ab5dfe5bb1347/node_modules/jsdom/lib/jsdom/living/nodes/HTMLScriptElement-impl.js:241:10)
    at HTMLScriptElementImpl._innerEval (/home/alexseif/.npm/_npx/c14ab5dfe5bb1347/node_modules/jsdom/lib/jsdom/living/nodes/HTMLScriptElement-impl.js:168:5)
    at /home/alexseif/.npm/_npx/c14ab5dfe5bb1347/node_modules/jsdom/lib/jsdom/living/nodes/HTMLScriptElement-impl.js:107:12
    at Object.check (/home/alexseif/.npm/_npx/c14ab5dfe5bb1347/node_modules/jsdom/lib/jsdom/browser/resources/resource-queue.js:76:23)
    at /home/alexseif/.npm/_npx/c14ab5dfe5bb1347/node_modules/jsdom/lib/jsdom/browser/resources/resource-queue.js:83:27
    at process.processTicksAndRejections (node:internal/process/task_queues:105:5)
Error: Could not load script: "https://backstage.ekalexandria.org/wp-includes/js/dist/hooks.js?ver=7496969728ca0f95732d"
    at onErrorWrapped (/home/alexseif/.npm/_npx/c14ab5dfe5bb1347/node_modules/jsdom/lib/jsdom/browser/resources/per-document-resource-loader.js:38:19)
    at Object.check (/home/alexseif/.npm/_npx/c14ab5dfe5bb1347/node_modules/jsdom/lib/jsdom/browser/resources/resource-queue.js:72:23)
    at /home/alexseif/.npm/_npx/c14ab5dfe5bb1347/node_modules/jsdom/lib/jsdom/browser/resources/resource-queue.js:83:27
    at process.processTicksAndRejections (node:internal/process/task_queues:105:5) RequestError: Error: self-signed certificate; if the root CA is installed locally, try running Node.js with --use-system-ca
    at new RequestError (/home/alexseif/.npm/_npx/c14ab5dfe5bb1347/node_modules/request-promise-core/lib/errors.js:14:15)
    at plumbing.callback (/home/alexseif/.npm/_npx/c14ab5dfe5bb1347/node_modules/request-promise-core/lib/plumbing.js:87:29)
    at Request.RP$callback [as _callback] (/home/alexseif/.npm/_npx/c14ab5dfe5bb1347/node_modules/request-promise-core/lib/plumbing.js:46:31)
    at self.callback (/home/alexseif/.npm/_npx/c14ab5dfe5bb1347/node_modules/request/request.js:185:22)
    at Request.emit (node:events:508:28)
    at Request.onRequestError (/home/alexseif/.npm/_npx/c14ab5dfe5bb1347/node_modules/request/request.js:877:8)
    at ClientRequest.emit (node:events:508:28)
    at emitErrorEvent (node:_http_client:107:11)
    at TLSSocket.socketErrorListener (node:_http_client:574:5)
    at TLSSocket.emit (node:events:508:28) {
  cause: Error: self-signed certificate; if the root CA is installed locally, try running Node.js with --use-system-ca
      at TLSSocket.onConnectSecure (node:_tls_wrap:1631:34)
      at TLSSocket.emit (node:events:508:28)
      at TLSSocket._finishInit (node:_tls_wrap:1077:8)
      at ssl.onhandshakedone (node:_tls_wrap:863:12) {
    code: 'DEPTH_ZERO_SELF_SIGNED_CERT'
  },
  error: Error: self-signed certificate; if the root CA is installed locally, try running Node.js with --use-system-ca
      at TLSSocket.onConnectSecure (node:_tls_wrap:1631:34)
      at TLSSocket.emit (node:events:508:28)
      at TLSSocket._finishInit (node:_tls_wrap:1077:8)
      at ssl.onhandshakedone (node:_tls_wrap:863:12) {
    code: 'DEPTH_ZERO_SELF_SIGNED_CERT'
  },
  options: {
    encoding: null,
    gzip: true,
    jar: RequestJar { _jar: [CookieJar] },
    strictSSL: true,
    forever: true,
    headers: {
      'User-Agent': 'uncss',
      'Accept-Language': 'en',
      Accept: '*/*',
      referer: 'file:///var/www/backstage.ekalexandria.org/public/wp-content/themes/ekalexandria-flagship/ai-work/scopings/index.html'
    },
    uri: 'https://backstage.ekalexandria.org/wp-includes/js/dist/hooks.js?ver=7496969728ca0f95732d',
    callback: [Function: RP$callback],
    transform: undefined,
    simple: true,
    resolveWithFullResponse: false,
    transform2xxOnly: false
  },
  response: undefined
}
Error: Could not load script: "https://backstage.ekalexandria.org/wp-includes/js/dist/i18n.js?ver=781d11515ad3d91786ec"
    at onErrorWrapped (/home/alexseif/.npm/_npx/c14ab5dfe5bb1347/node_modules/jsdom/lib/jsdom/browser/resources/per-document-resource-loader.js:38:19)
    at Object.check (/home/alexseif/.npm/_npx/c14ab5dfe5bb1347/node_modules/jsdom/lib/jsdom/browser/resources/resource-queue.js:72:23)
    at /home/alexseif/.npm/_npx/c14ab5dfe5bb1347/node_modules/jsdom/lib/jsdom/browser/resources/resource-queue.js:83:27
    at process.processTicksAndRejections (node:internal/process/task_queues:105:5) RequestError: Error: self-signed certificate; if the root CA is installed locally, try running Node.js with --use-system-ca
    at new RequestError (/home/alexseif/.npm/_npx/c14ab5dfe5bb1347/node_modules/request-promise-core/lib/errors.js:14:15)
    at plumbing.callback (/home/alexseif/.npm/_npx/c14ab5dfe5bb1347/node_modules/request-promise-core/lib/plumbing.js:87:29)
    at Request.RP$callback [as _callback] (/home/alexseif/.npm/_npx/c14ab5dfe5bb1347/node_modules/request-promise-core/lib/plumbing.js:46:31)
    at self.callback (/home/alexseif/.npm/_npx/c14ab5dfe5bb1347/node_modules/request/request.js:185:22)
    at Request.emit (node:events:508:28)
    at Request.onRequestError (/home/alexseif/.npm/_npx/c14ab5dfe5bb1347/node_modules/request/request.js:877:8)
    at ClientRequest.emit (node:events:508:28)
    at emitErrorEvent (node:_http_client:107:11)
    at TLSSocket.socketErrorListener (node:_http_client:574:5)
    at TLSSocket.emit (node:events:508:28) {
  cause: Error: self-signed certificate; if the root CA is installed locally, try running Node.js with --use-system-ca
      at TLSSocket.onConnectSecure (node:_tls_wrap:1631:34)
      at TLSSocket.emit (node:events:508:28)
      at TLSSocket._finishInit (node:_tls_wrap:1077:8)
      at ssl.onhandshakedone (node:_tls_wrap:863:12) {
    code: 'DEPTH_ZERO_SELF_SIGNED_CERT'
  },
  error: Error: self-signed certificate; if the root CA is installed locally, try running Node.js with --use-system-ca
      at TLSSocket.onConnectSecure (node:_tls_wrap:1631:34)
      at TLSSocket.emit (node:events:508:28)
      at TLSSocket._finishInit (node:_tls_wrap:1077:8)
      at ssl.onhandshakedone (node:_tls_wrap:863:12) {
    code: 'DEPTH_ZERO_SELF_SIGNED_CERT'
  },
  options: {
    encoding: null,
    gzip: true,
    jar: RequestJar { _jar: [CookieJar] },
    strictSSL: true,
    forever: true,
    headers: {
      'User-Agent': 'uncss',
      'Accept-Language': 'en',
      Accept: '*/*',
      referer: 'file:///var/www/backstage.ekalexandria.org/public/wp-content/themes/ekalexandria-flagship/ai-work/scopings/index.html'
    },
    uri: 'https://backstage.ekalexandria.org/wp-includes/js/dist/i18n.js?ver=781d11515ad3d91786ec',
    callback: [Function: RP$callback],
    transform: undefined,
    simple: true,
    resolveWithFullResponse: false,
    transform2xxOnly: false
  },
  response: undefined
}
Error: Uncaught [ReferenceError: wp is not defined]
    at reportException (/home/alexseif/.npm/_npx/c14ab5dfe5bb1347/node_modules/jsdom/lib/jsdom/living/helpers/runtime-script-errors.js:62:24)
    at processJavaScript (/home/alexseif/.npm/_npx/c14ab5dfe5bb1347/node_modules/jsdom/lib/jsdom/living/nodes/HTMLScriptElement-impl.js:243:7)
    at HTMLScriptElementImpl._innerEval (/home/alexseif/.npm/_npx/c14ab5dfe5bb1347/node_modules/jsdom/lib/jsdom/living/nodes/HTMLScriptElement-impl.js:168:5)
    at /home/alexseif/.npm/_npx/c14ab5dfe5bb1347/node_modules/jsdom/lib/jsdom/living/nodes/HTMLScriptElement-impl.js:107:12
    at Object.check (/home/alexseif/.npm/_npx/c14ab5dfe5bb1347/node_modules/jsdom/lib/jsdom/browser/resources/resource-queue.js:76:23)
    at /home/alexseif/.npm/_npx/c14ab5dfe5bb1347/node_modules/jsdom/lib/jsdom/browser/resources/resource-queue.js:83:27
    at process.processTicksAndRejections (node:internal/process/task_queues:105:5) ReferenceError: wp is not defined
    at wp-i18n-js-after:2:1
    at Script.runInContext (node:vm:149:12)
    at Object.runInContext (node:vm:301:6)
    at processJavaScript (/home/alexseif/.npm/_npx/c14ab5dfe5bb1347/node_modules/jsdom/lib/jsdom/living/nodes/HTMLScriptElement-impl.js:241:10)
    at HTMLScriptElementImpl._innerEval (/home/alexseif/.npm/_npx/c14ab5dfe5bb1347/node_modules/jsdom/lib/jsdom/living/nodes/HTMLScriptElement-impl.js:168:5)
    at /home/alexseif/.npm/_npx/c14ab5dfe5bb1347/node_modules/jsdom/lib/jsdom/living/nodes/HTMLScriptElement-impl.js:107:12
    at Object.check (/home/alexseif/.npm/_npx/c14ab5dfe5bb1347/node_modules/jsdom/lib/jsdom/browser/resources/resource-queue.js:76:23)
    at /home/alexseif/.npm/_npx/c14ab5dfe5bb1347/node_modules/jsdom/lib/jsdom/browser/resources/resource-queue.js:83:27
    at process.processTicksAndRejections (node:internal/process/task_queues:105:5)
Error: Could not load script: "https://backstage.ekalexandria.org/wp-content/plugins/contact-form-7/includes/swv/js/index.js?ver=6.1.4"
    at onErrorWrapped (/home/alexseif/.npm/_npx/c14ab5dfe5bb1347/node_modules/jsdom/lib/jsdom/browser/resources/per-document-resource-loader.js:38:19)
    at Object.check (/home/alexseif/.npm/_npx/c14ab5dfe5bb1347/node_modules/jsdom/lib/jsdom/browser/resources/resource-queue.js:72:23)
    at /home/alexseif/.npm/_npx/c14ab5dfe5bb1347/node_modules/jsdom/lib/jsdom/browser/resources/resource-queue.js:83:27
    at process.processTicksAndRejections (node:internal/process/task_queues:105:5) RequestError: Error: self-signed certificate; if the root CA is installed locally, try running Node.js with --use-system-ca
    at new RequestError (/home/alexseif/.npm/_npx/c14ab5dfe5bb1347/node_modules/request-promise-core/lib/errors.js:14:15)
    at plumbing.callback (/home/alexseif/.npm/_npx/c14ab5dfe5bb1347/node_modules/request-promise-core/lib/plumbing.js:87:29)
    at Request.RP$callback [as _callback] (/home/alexseif/.npm/_npx/c14ab5dfe5bb1347/node_modules/request-promise-core/lib/plumbing.js:46:31)
    at self.callback (/home/alexseif/.npm/_npx/c14ab5dfe5bb1347/node_modules/request/request.js:185:22)
    at Request.emit (node:events:508:28)
    at Request.onRequestError (/home/alexseif/.npm/_npx/c14ab5dfe5bb1347/node_modules/request/request.js:877:8)
    at ClientRequest.emit (node:events:508:28)
    at emitErrorEvent (node:_http_client:107:11)
    at TLSSocket.socketErrorListener (node:_http_client:574:5)
    at TLSSocket.emit (node:events:508:28) {
  cause: Error: self-signed certificate; if the root CA is installed locally, try running Node.js with --use-system-ca
      at TLSSocket.onConnectSecure (node:_tls_wrap:1631:34)
      at TLSSocket.emit (node:events:508:28)
      at TLSSocket._finishInit (node:_tls_wrap:1077:8)
      at ssl.onhandshakedone (node:_tls_wrap:863:12) {
    code: 'DEPTH_ZERO_SELF_SIGNED_CERT'
  },
  error: Error: self-signed certificate; if the root CA is installed locally, try running Node.js with --use-system-ca
      at TLSSocket.onConnectSecure (node:_tls_wrap:1631:34)
      at TLSSocket.emit (node:events:508:28)
      at TLSSocket._finishInit (node:_tls_wrap:1077:8)
      at ssl.onhandshakedone (node:_tls_wrap:863:12) {
    code: 'DEPTH_ZERO_SELF_SIGNED_CERT'
  },
  options: {
    encoding: null,
    gzip: true,
    jar: RequestJar { _jar: [CookieJar] },
    strictSSL: true,
    forever: true,
    headers: {
      'User-Agent': 'uncss',
      'Accept-Language': 'en',
      Accept: '*/*',
      referer: 'file:///var/www/backstage.ekalexandria.org/public/wp-content/themes/ekalexandria-flagship/ai-work/scopings/index.html'
    },
    uri: 'https://backstage.ekalexandria.org/wp-content/plugins/contact-form-7/includes/swv/js/index.js?ver=6.1.4',
    callback: [Function: RP$callback],
    transform: undefined,
    simple: true,
    resolveWithFullResponse: false,
    transform2xxOnly: false
  },
  response: undefined
}
Error: Uncaught [ReferenceError: wp is not defined]
    at reportException (/home/alexseif/.npm/_npx/c14ab5dfe5bb1347/node_modules/jsdom/lib/jsdom/living/helpers/runtime-script-errors.js:62:24)
    at processJavaScript (/home/alexseif/.npm/_npx/c14ab5dfe5bb1347/node_modules/jsdom/lib/jsdom/living/nodes/HTMLScriptElement-impl.js:243:7)
    at HTMLScriptElementImpl._innerEval (/home/alexseif/.npm/_npx/c14ab5dfe5bb1347/node_modules/jsdom/lib/jsdom/living/nodes/HTMLScriptElement-impl.js:168:5)
    at /home/alexseif/.npm/_npx/c14ab5dfe5bb1347/node_modules/jsdom/lib/jsdom/living/nodes/HTMLScriptElement-impl.js:107:12
    at Object.check (/home/alexseif/.npm/_npx/c14ab5dfe5bb1347/node_modules/jsdom/lib/jsdom/browser/resources/resource-queue.js:76:23)
    at /home/alexseif/.npm/_npx/c14ab5dfe5bb1347/node_modules/jsdom/lib/jsdom/browser/resources/resource-queue.js:83:27
    at process.processTicksAndRejections (node:internal/process/task_queues:105:5) ReferenceError: wp is not defined
    at contact-form-7-js-translations:5:2
    at contact-form-7-js-translations:6:4
    at Script.runInContext (node:vm:149:12)
    at Object.runInContext (node:vm:301:6)
    at processJavaScript (/home/alexseif/.npm/_npx/c14ab5dfe5bb1347/node_modules/jsdom/lib/jsdom/living/nodes/HTMLScriptElement-impl.js:241:10)
    at HTMLScriptElementImpl._innerEval (/home/alexseif/.npm/_npx/c14ab5dfe5bb1347/node_modules/jsdom/lib/jsdom/living/nodes/HTMLScriptElement-impl.js:168:5)
    at /home/alexseif/.npm/_npx/c14ab5dfe5bb1347/node_modules/jsdom/lib/jsdom/living/nodes/HTMLScriptElement-impl.js:107:12
    at Object.check (/home/alexseif/.npm/_npx/c14ab5dfe5bb1347/node_modules/jsdom/lib/jsdom/browser/resources/resource-queue.js:76:23)
    at /home/alexseif/.npm/_npx/c14ab5dfe5bb1347/node_modules/jsdom/lib/jsdom/browser/resources/resource-queue.js:83:27
    at process.processTicksAndRejections (node:internal/process/task_queues:105:5)
Error: Could not load script: "https://backstage.ekalexandria.org/wp-content/plugins/contact-form-7/includes/js/index.js?ver=6.1.4"
    at onErrorWrapped (/home/alexseif/.npm/_npx/c14ab5dfe5bb1347/node_modules/jsdom/lib/jsdom/browser/resources/per-document-resource-loader.js:38:19)
    at Object.check (/home/alexseif/.npm/_npx/c14ab5dfe5bb1347/node_modules/jsdom/lib/jsdom/browser/resources/resource-queue.js:72:23)
    at /home/alexseif/.npm/_npx/c14ab5dfe5bb1347/node_modules/jsdom/lib/jsdom/browser/resources/resource-queue.js:83:27
    at process.processTicksAndRejections (node:internal/process/task_queues:105:5) RequestError: Error: self-signed certificate; if the root CA is installed locally, try running Node.js with --use-system-ca
    at new RequestError (/home/alexseif/.npm/_npx/c14ab5dfe5bb1347/node_modules/request-promise-core/lib/errors.js:14:15)
    at plumbing.callback (/home/alexseif/.npm/_npx/c14ab5dfe5bb1347/node_modules/request-promise-core/lib/plumbing.js:87:29)
    at Request.RP$callback [as _callback] (/home/alexseif/.npm/_npx/c14ab5dfe5bb1347/node_modules/request-promise-core/lib/plumbing.js:46:31)
    at self.callback (/home/alexseif/.npm/_npx/c14ab5dfe5bb1347/node_modules/request/request.js:185:22)
    at Request.emit (node:events:508:28)
    at Request.onRequestError (/home/alexseif/.npm/_npx/c14ab5dfe5bb1347/node_modules/request/request.js:877:8)
    at ClientRequest.emit (node:events:508:28)
    at emitErrorEvent (node:_http_client:107:11)
    at TLSSocket.socketErrorListener (node:_http_client:574:5)
    at TLSSocket.emit (node:events:508:28) {
  cause: Error: self-signed certificate; if the root CA is installed locally, try running Node.js with --use-system-ca
      at TLSSocket.onConnectSecure (node:_tls_wrap:1631:34)
      at TLSSocket.emit (node:events:508:28)
      at TLSSocket._finishInit (node:_tls_wrap:1077:8)
      at ssl.onhandshakedone (node:_tls_wrap:863:12) {
    code: 'DEPTH_ZERO_SELF_SIGNED_CERT'
  },
  error: Error: self-signed certificate; if the root CA is installed locally, try running Node.js with --use-system-ca
      at TLSSocket.onConnectSecure (node:_tls_wrap:1631:34)
      at TLSSocket.emit (node:events:508:28)
      at TLSSocket._finishInit (node:_tls_wrap:1077:8)
      at ssl.onhandshakedone (node:_tls_wrap:863:12) {
    code: 'DEPTH_ZERO_SELF_SIGNED_CERT'
  },
  options: {
    encoding: null,
    gzip: true,
    jar: RequestJar { _jar: [CookieJar] },
    strictSSL: true,
    forever: true,
    headers: {
      'User-Agent': 'uncss',
      'Accept-Language': 'en',
      Accept: '*/*',
      referer: 'file:///var/www/backstage.ekalexandria.org/public/wp-content/themes/ekalexandria-flagship/ai-work/scopings/index.html'
    },
    uri: 'https://backstage.ekalexandria.org/wp-content/plugins/contact-form-7/includes/js/index.js?ver=6.1.4',
    callback: [Function: RP$callback],
    transform: undefined,
    simple: true,
    resolveWithFullResponse: false,
    transform2xxOnly: false
  },
  response: undefined
}
Error: Could not load script: "https://backstage.ekalexandria.org/wp-includes/js/jquery/ui/core.js?ver=1.13.3"
    at onErrorWrapped (/home/alexseif/.npm/_npx/c14ab5dfe5bb1347/node_modules/jsdom/lib/jsdom/browser/resources/per-document-resource-loader.js:38:19)
    at Object.check (/home/alexseif/.npm/_npx/c14ab5dfe5bb1347/node_modules/jsdom/lib/jsdom/browser/resources/resource-queue.js:72:23)
    at /home/alexseif/.npm/_npx/c14ab5dfe5bb1347/node_modules/jsdom/lib/jsdom/browser/resources/resource-queue.js:83:27
    at process.processTicksAndRejections (node:internal/process/task_queues:105:5) RequestError: Error: self-signed certificate; if the root CA is installed locally, try running Node.js with --use-system-ca
    at new RequestError (/home/alexseif/.npm/_npx/c14ab5dfe5bb1347/node_modules/request-promise-core/lib/errors.js:14:15)
    at plumbing.callback (/home/alexseif/.npm/_npx/c14ab5dfe5bb1347/node_modules/request-promise-core/lib/plumbing.js:87:29)
    at Request.RP$callback [as _callback] (/home/alexseif/.npm/_npx/c14ab5dfe5bb1347/node_modules/request-promise-core/lib/plumbing.js:46:31)
    at self.callback (/home/alexseif/.npm/_npx/c14ab5dfe5bb1347/node_modules/request/request.js:185:22)
    at Request.emit (node:events:508:28)
    at Request.onRequestError (/home/alexseif/.npm/_npx/c14ab5dfe5bb1347/node_modules/request/request.js:877:8)
    at ClientRequest.emit (node:events:508:28)
    at emitErrorEvent (node:_http_client:107:11)
    at TLSSocket.socketErrorListener (node:_http_client:574:5)
    at TLSSocket.emit (node:events:508:28) {
  cause: Error: self-signed certificate; if the root CA is installed locally, try running Node.js with --use-system-ca
      at TLSSocket.onConnectSecure (node:_tls_wrap:1631:34)
      at TLSSocket.emit (node:events:508:28)
      at TLSSocket._finishInit (node:_tls_wrap:1077:8)
      at ssl.onhandshakedone (node:_tls_wrap:863:12) {
    code: 'DEPTH_ZERO_SELF_SIGNED_CERT'
  },
  error: Error: self-signed certificate; if the root CA is installed locally, try running Node.js with --use-system-ca
      at TLSSocket.onConnectSecure (node:_tls_wrap:1631:34)
      at TLSSocket.emit (node:events:508:28)
      at TLSSocket._finishInit (node:_tls_wrap:1077:8)
      at ssl.onhandshakedone (node:_tls_wrap:863:12) {
    code: 'DEPTH_ZERO_SELF_SIGNED_CERT'
  },
  options: {
    encoding: null,
    gzip: true,
    jar: RequestJar { _jar: [CookieJar] },
    strictSSL: true,
    forever: true,
    headers: {
      'User-Agent': 'uncss',
      'Accept-Language': 'en',
      Accept: '*/*',
      referer: 'file:///var/www/backstage.ekalexandria.org/public/wp-content/themes/ekalexandria-flagship/ai-work/scopings/index.html'
    },
    uri: 'https://backstage.ekalexandria.org/wp-includes/js/jquery/ui/core.js?ver=1.13.3',
    callback: [Function: RP$callback],
    transform: undefined,
    simple: true,
    resolveWithFullResponse: false,
    transform2xxOnly: false
  },
  response: undefined
}
Error: Could not load script: "https://backstage.ekalexandria.org/wp-includes/js/jquery/ui/mouse.js?ver=1.13.3"
    at onErrorWrapped (/home/alexseif/.npm/_npx/c14ab5dfe5bb1347/node_modules/jsdom/lib/jsdom/browser/resources/per-document-resource-loader.js:38:19)
    at Object.check (/home/alexseif/.npm/_npx/c14ab5dfe5bb1347/node_modules/jsdom/lib/jsdom/browser/resources/resource-queue.js:72:23)
    at /home/alexseif/.npm/_npx/c14ab5dfe5bb1347/node_modules/jsdom/lib/jsdom/browser/resources/resource-queue.js:83:27
    at process.processTicksAndRejections (node:internal/process/task_queues:105:5) RequestError: Error: self-signed certificate; if the root CA is installed locally, try running Node.js with --use-system-ca
    at new RequestError (/home/alexseif/.npm/_npx/c14ab5dfe5bb1347/node_modules/request-promise-core/lib/errors.js:14:15)
    at plumbing.callback (/home/alexseif/.npm/_npx/c14ab5dfe5bb1347/node_modules/request-promise-core/lib/plumbing.js:87:29)
    at Request.RP$callback [as _callback] (/home/alexseif/.npm/_npx/c14ab5dfe5bb1347/node_modules/request-promise-core/lib/plumbing.js:46:31)
    at self.callback (/home/alexseif/.npm/_npx/c14ab5dfe5bb1347/node_modules/request/request.js:185:22)
    at Request.emit (node:events:508:28)
    at Request.onRequestError (/home/alexseif/.npm/_npx/c14ab5dfe5bb1347/node_modules/request/request.js:877:8)
    at ClientRequest.emit (node:events:508:28)
    at emitErrorEvent (node:_http_client:107:11)
    at TLSSocket.socketErrorListener (node:_http_client:574:5)
    at TLSSocket.emit (node:events:508:28) {
  cause: Error: self-signed certificate; if the root CA is installed locally, try running Node.js with --use-system-ca
      at TLSSocket.onConnectSecure (node:_tls_wrap:1631:34)
      at TLSSocket.emit (node:events:508:28)
      at TLSSocket._finishInit (node:_tls_wrap:1077:8)
      at ssl.onhandshakedone (node:_tls_wrap:863:12) {
    code: 'DEPTH_ZERO_SELF_SIGNED_CERT'
  },
  error: Error: self-signed certificate; if the root CA is installed locally, try running Node.js with --use-system-ca
      at TLSSocket.onConnectSecure (node:_tls_wrap:1631:34)
      at TLSSocket.emit (node:events:508:28)
      at TLSSocket._finishInit (node:_tls_wrap:1077:8)
      at ssl.onhandshakedone (node:_tls_wrap:863:12) {
    code: 'DEPTH_ZERO_SELF_SIGNED_CERT'
  },
  options: {
    encoding: null,
    gzip: true,
    jar: RequestJar { _jar: [CookieJar] },
    strictSSL: true,
    forever: true,
    headers: {
      'User-Agent': 'uncss',
      'Accept-Language': 'en',
      Accept: '*/*',
      referer: 'file:///var/www/backstage.ekalexandria.org/public/wp-content/themes/ekalexandria-flagship/ai-work/scopings/index.html'
    },
    uri: 'https://backstage.ekalexandria.org/wp-includes/js/jquery/ui/mouse.js?ver=1.13.3',
    callback: [Function: RP$callback],
    transform: undefined,
    simple: true,
    resolveWithFullResponse: false,
    transform2xxOnly: false
  },
  response: undefined
}
Error: Could not load script: "https://backstage.ekalexandria.org/wp-includes/js/jquery/ui/sortable.js?ver=1.13.3"
    at onErrorWrapped (/home/alexseif/.npm/_npx/c14ab5dfe5bb1347/node_modules/jsdom/lib/jsdom/browser/resources/per-document-resource-loader.js:38:19)
    at Object.check (/home/alexseif/.npm/_npx/c14ab5dfe5bb1347/node_modules/jsdom/lib/jsdom/browser/resources/resource-queue.js:72:23)
    at /home/alexseif/.npm/_npx/c14ab5dfe5bb1347/node_modules/jsdom/lib/jsdom/browser/resources/resource-queue.js:83:27
    at process.processTicksAndRejections (node:internal/process/task_queues:105:5) RequestError: Error: self-signed certificate; if the root CA is installed locally, try running Node.js with --use-system-ca
    at new RequestError (/home/alexseif/.npm/_npx/c14ab5dfe5bb1347/node_modules/request-promise-core/lib/errors.js:14:15)
    at plumbing.callback (/home/alexseif/.npm/_npx/c14ab5dfe5bb1347/node_modules/request-promise-core/lib/plumbing.js:87:29)
    at Request.RP$callback [as _callback] (/home/alexseif/.npm/_npx/c14ab5dfe5bb1347/node_modules/request-promise-core/lib/plumbing.js:46:31)
    at self.callback (/home/alexseif/.npm/_npx/c14ab5dfe5bb1347/node_modules/request/request.js:185:22)
    at Request.emit (node:events:508:28)
    at Request.onRequestError (/home/alexseif/.npm/_npx/c14ab5dfe5bb1347/node_modules/request/request.js:877:8)
    at ClientRequest.emit (node:events:508:28)
    at emitErrorEvent (node:_http_client:107:11)
    at TLSSocket.socketErrorListener (node:_http_client:574:5)
    at TLSSocket.emit (node:events:508:28) {
  cause: Error: self-signed certificate; if the root CA is installed locally, try running Node.js with --use-system-ca
      at TLSSocket.onConnectSecure (node:_tls_wrap:1631:34)
      at TLSSocket.emit (node:events:508:28)
      at TLSSocket._finishInit (node:_tls_wrap:1077:8)
      at ssl.onhandshakedone (node:_tls_wrap:863:12) {
    code: 'DEPTH_ZERO_SELF_SIGNED_CERT'
  },
  error: Error: self-signed certificate; if the root CA is installed locally, try running Node.js with --use-system-ca
      at TLSSocket.onConnectSecure (node:_tls_wrap:1631:34)
      at TLSSocket.emit (node:events:508:28)
      at TLSSocket._finishInit (node:_tls_wrap:1077:8)
      at ssl.onhandshakedone (node:_tls_wrap:863:12) {
    code: 'DEPTH_ZERO_SELF_SIGNED_CERT'
  },
  options: {
    encoding: null,
    gzip: true,
    jar: RequestJar { _jar: [CookieJar] },
    strictSSL: true,
    forever: true,
    headers: {
      'User-Agent': 'uncss',
      'Accept-Language': 'en',
      Accept: '*/*',
      referer: 'file:///var/www/backstage.ekalexandria.org/public/wp-content/themes/ekalexandria-flagship/ai-work/scopings/index.html'
    },
    uri: 'https://backstage.ekalexandria.org/wp-includes/js/jquery/ui/sortable.js?ver=1.13.3',
    callback: [Function: RP$callback],
    transform: undefined,
    simple: true,
    resolveWithFullResponse: false,
    transform2xxOnly: false
  },
  response: undefined
}
Error: Could not load script: "https://backstage.ekalexandria.org/wp-includes/js/jquery/ui/tabs.js?ver=1.13.3"
    at onErrorWrapped (/home/alexseif/.npm/_npx/c14ab5dfe5bb1347/node_modules/jsdom/lib/jsdom/browser/resources/per-document-resource-loader.js:38:19)
    at Object.check (/home/alexseif/.npm/_npx/c14ab5dfe5bb1347/node_modules/jsdom/lib/jsdom/browser/resources/resource-queue.js:72:23)
    at /home/alexseif/.npm/_npx/c14ab5dfe5bb1347/node_modules/jsdom/lib/jsdom/browser/resources/resource-queue.js:124:14
    at process.processTicksAndRejections (node:internal/process/task_queues:105:5) RequestError: Error: self-signed certificate; if the root CA is installed locally, try running Node.js with --use-system-ca
    at new RequestError (/home/alexseif/.npm/_npx/c14ab5dfe5bb1347/node_modules/request-promise-core/lib/errors.js:14:15)
    at plumbing.callback (/home/alexseif/.npm/_npx/c14ab5dfe5bb1347/node_modules/request-promise-core/lib/plumbing.js:87:29)
    at Request.RP$callback [as _callback] (/home/alexseif/.npm/_npx/c14ab5dfe5bb1347/node_modules/request-promise-core/lib/plumbing.js:46:31)
    at self.callback (/home/alexseif/.npm/_npx/c14ab5dfe5bb1347/node_modules/request/request.js:185:22)
    at Request.emit (node:events:508:28)
    at Request.onRequestError (/home/alexseif/.npm/_npx/c14ab5dfe5bb1347/node_modules/request/request.js:877:8)
    at ClientRequest.emit (node:events:508:28)
    at emitErrorEvent (node:_http_client:107:11)
    at TLSSocket.socketErrorListener (node:_http_client:574:5)
    at TLSSocket.emit (node:events:508:28) {
  cause: Error: self-signed certificate; if the root CA is installed locally, try running Node.js with --use-system-ca
      at TLSSocket.onConnectSecure (node:_tls_wrap:1631:34)
      at TLSSocket.emit (node:events:508:28)
      at TLSSocket._finishInit (node:_tls_wrap:1077:8)
      at ssl.onhandshakedone (node:_tls_wrap:863:12) {
    code: 'DEPTH_ZERO_SELF_SIGNED_CERT'
  },
  error: Error: self-signed certificate; if the root CA is installed locally, try running Node.js with --use-system-ca
      at TLSSocket.onConnectSecure (node:_tls_wrap:1631:34)
      at TLSSocket.emit (node:events:508:28)
      at TLSSocket._finishInit (node:_tls_wrap:1077:8)
      at ssl.onhandshakedone (node:_tls_wrap:863:12) {
    code: 'DEPTH_ZERO_SELF_SIGNED_CERT'
  },
  options: {
    encoding: null,
    gzip: true,
    jar: RequestJar { _jar: [CookieJar] },
    strictSSL: true,
    forever: true,
    headers: {
      'User-Agent': 'uncss',
      'Accept-Language': 'en',
      Accept: '*/*',
      referer: 'file:///var/www/backstage.ekalexandria.org/public/wp-content/themes/ekalexandria-flagship/ai-work/scopings/index.html'
    },
    uri: 'https://backstage.ekalexandria.org/wp-includes/js/jquery/ui/tabs.js?ver=1.13.3',
    callback: [Function: RP$callback],
    transform: undefined,
    simple: true,
    resolveWithFullResponse: false,
    transform2xxOnly: false
  },
  response: undefined
}
Error: Could not load script: "https://backstage.ekalexandria.org/wp-includes/js/jquery/ui/accordion.js?ver=1.13.3"
    at onErrorWrapped (/home/alexseif/.npm/_npx/c14ab5dfe5bb1347/node_modules/jsdom/lib/jsdom/browser/resources/per-document-resource-loader.js:38:19)
    at Object.check (/home/alexseif/.npm/_npx/c14ab5dfe5bb1347/node_modules/jsdom/lib/jsdom/browser/resources/resource-queue.js:72:23)
    at /home/alexseif/.npm/_npx/c14ab5dfe5bb1347/node_modules/jsdom/lib/jsdom/browser/resources/resource-queue.js:124:14
    at process.processTicksAndRejections (node:internal/process/task_queues:105:5) RequestError: Error: self-signed certificate; if the root CA is installed locally, try running Node.js with --use-system-ca
    at new RequestError (/home/alexseif/.npm/_npx/c14ab5dfe5bb1347/node_modules/request-promise-core/lib/errors.js:14:15)
    at plumbing.callback (/home/alexseif/.npm/_npx/c14ab5dfe5bb1347/node_modules/request-promise-core/lib/plumbing.js:87:29)
    at Request.RP$callback [as _callback] (/home/alexseif/.npm/_npx/c14ab5dfe5bb1347/node_modules/request-promise-core/lib/plumbing.js:46:31)
    at self.callback (/home/alexseif/.npm/_npx/c14ab5dfe5bb1347/node_modules/request/request.js:185:22)
    at Request.emit (node:events:508:28)
    at Request.onRequestError (/home/alexseif/.npm/_npx/c14ab5dfe5bb1347/node_modules/request/request.js:877:8)
    at ClientRequest.emit (node:events:508:28)
    at emitErrorEvent (node:_http_client:107:11)
    at TLSSocket.socketErrorListener (node:_http_client:574:5)
    at TLSSocket.emit (node:events:508:28) {
  cause: Error: self-signed certificate; if the root CA is installed locally, try running Node.js with --use-system-ca
      at TLSSocket.onConnectSecure (node:_tls_wrap:1631:34)
      at TLSSocket.emit (node:events:508:28)
      at TLSSocket._finishInit (node:_tls_wrap:1077:8)
      at ssl.onhandshakedone (node:_tls_wrap:863:12) {
    code: 'DEPTH_ZERO_SELF_SIGNED_CERT'
  },
  error: Error: self-signed certificate; if the root CA is installed locally, try running Node.js with --use-system-ca
      at TLSSocket.onConnectSecure (node:_tls_wrap:1631:34)
      at TLSSocket.emit (node:events:508:28)
      at TLSSocket._finishInit (node:_tls_wrap:1077:8)
      at ssl.onhandshakedone (node:_tls_wrap:863:12) {
    code: 'DEPTH_ZERO_SELF_SIGNED_CERT'
  },
  options: {
    encoding: null,
    gzip: true,
    jar: RequestJar { _jar: [CookieJar] },
    strictSSL: true,
    forever: true,
    headers: {
      'User-Agent': 'uncss',
      'Accept-Language': 'en',
      Accept: '*/*',
      referer: 'file:///var/www/backstage.ekalexandria.org/public/wp-content/themes/ekalexandria-flagship/ai-work/scopings/index.html'
    },
    uri: 'https://backstage.ekalexandria.org/wp-includes/js/jquery/ui/accordion.js?ver=1.13.3',
    callback: [Function: RP$callback],
    transform: undefined,
    simple: true,
    resolveWithFullResponse: false,
    transform2xxOnly: false
  },
  response: undefined
}
Error: Could not load script: "https://backstage.ekalexandria.org/wp-content/themes/betheme/js/animations/animations.min.js?ver=4.8"
    at onErrorWrapped (/home/alexseif/.npm/_npx/c14ab5dfe5bb1347/node_modules/jsdom/lib/jsdom/browser/resources/per-document-resource-loader.js:38:19)
    at Object.check (/home/alexseif/.npm/_npx/c14ab5dfe5bb1347/node_modules/jsdom/lib/jsdom/browser/resources/resource-queue.js:72:23)
    at /home/alexseif/.npm/_npx/c14ab5dfe5bb1347/node_modules/jsdom/lib/jsdom/browser/resources/resource-queue.js:124:14
    at process.processTicksAndRejections (node:internal/process/task_queues:105:5) RequestError: Error: self-signed certificate; if the root CA is installed locally, try running Node.js with --use-system-ca
    at new RequestError (/home/alexseif/.npm/_npx/c14ab5dfe5bb1347/node_modules/request-promise-core/lib/errors.js:14:15)
    at plumbing.callback (/home/alexseif/.npm/_npx/c14ab5dfe5bb1347/node_modules/request-promise-core/lib/plumbing.js:87:29)
    at Request.RP$callback [as _callback] (/home/alexseif/.npm/_npx/c14ab5dfe5bb1347/node_modules/request-promise-core/lib/plumbing.js:46:31)
    at self.callback (/home/alexseif/.npm/_npx/c14ab5dfe5bb1347/node_modules/request/request.js:185:22)
    at Request.emit (node:events:508:28)
    at Request.onRequestError (/home/alexseif/.npm/_npx/c14ab5dfe5bb1347/node_modules/request/request.js:877:8)
    at ClientRequest.emit (node:events:508:28)
    at emitErrorEvent (node:_http_client:107:11)
    at TLSSocket.socketErrorListener (node:_http_client:574:5)
    at TLSSocket.emit (node:events:508:28) {
  cause: Error: self-signed certificate; if the root CA is installed locally, try running Node.js with --use-system-ca
      at TLSSocket.onConnectSecure (node:_tls_wrap:1631:34)
      at TLSSocket.emit (node:events:508:28)
      at TLSSocket._finishInit (node:_tls_wrap:1077:8)
      at ssl.onhandshakedone (node:_tls_wrap:863:12) {
    code: 'DEPTH_ZERO_SELF_SIGNED_CERT'
  },
  error: Error: self-signed certificate; if the root CA is installed locally, try running Node.js with --use-system-ca
      at TLSSocket.onConnectSecure (node:_tls_wrap:1631:34)
      at TLSSocket.emit (node:events:508:28)
      at TLSSocket._finishInit (node:_tls_wrap:1077:8)
      at ssl.onhandshakedone (node:_tls_wrap:863:12) {
    code: 'DEPTH_ZERO_SELF_SIGNED_CERT'
  },
  options: {
    encoding: null,
    gzip: true,
    jar: RequestJar { _jar: [CookieJar] },
    strictSSL: true,
    forever: true,
    headers: {
      'User-Agent': 'uncss',
      'Accept-Language': 'en',
      Accept: '*/*',
      referer: 'file:///var/www/backstage.ekalexandria.org/public/wp-content/themes/ekalexandria-flagship/ai-work/scopings/index.html'
    },
    uri: 'https://backstage.ekalexandria.org/wp-content/themes/betheme/js/animations/animations.min.js?ver=4.8',
    callback: [Function: RP$callback],
    transform: undefined,
    simple: true,
    resolveWithFullResponse: false,
    transform2xxOnly: false
  },
  response: undefined
}
Error: Could not load script: "https://backstage.ekalexandria.org/wp-content/themes/betheme/js/jquery.jplayer.min.js?ver=4.8"
    at onErrorWrapped (/home/alexseif/.npm/_npx/c14ab5dfe5bb1347/node_modules/jsdom/lib/jsdom/browser/resources/per-document-resource-loader.js:38:19)
    at Object.check (/home/alexseif/.npm/_npx/c14ab5dfe5bb1347/node_modules/jsdom/lib/jsdom/browser/resources/resource-queue.js:72:23)
    at /home/alexseif/.npm/_npx/c14ab5dfe5bb1347/node_modules/jsdom/lib/jsdom/browser/resources/resource-queue.js:124:14
    at process.processTicksAndRejections (node:internal/process/task_queues:105:5) RequestError: Error: self-signed certificate; if the root CA is installed locally, try running Node.js with --use-system-ca
    at new RequestError (/home/alexseif/.npm/_npx/c14ab5dfe5bb1347/node_modules/request-promise-core/lib/errors.js:14:15)
    at plumbing.callback (/home/alexseif/.npm/_npx/c14ab5dfe5bb1347/node_modules/request-promise-core/lib/plumbing.js:87:29)
    at Request.RP$callback [as _callback] (/home/alexseif/.npm/_npx/c14ab5dfe5bb1347/node_modules/request-promise-core/lib/plumbing.js:46:31)
    at self.callback (/home/alexseif/.npm/_npx/c14ab5dfe5bb1347/node_modules/request/request.js:185:22)
    at Request.emit (node:events:508:28)
    at Request.onRequestError (/home/alexseif/.npm/_npx/c14ab5dfe5bb1347/node_modules/request/request.js:877:8)
    at ClientRequest.emit (node:events:508:28)
    at emitErrorEvent (node:_http_client:107:11)
    at TLSSocket.socketErrorListener (node:_http_client:574:5)
    at TLSSocket.emit (node:events:508:28) {
  cause: Error: self-signed certificate; if the root CA is installed locally, try running Node.js with --use-system-ca
      at TLSSocket.onConnectSecure (node:_tls_wrap:1631:34)
      at TLSSocket.emit (node:events:508:28)
      at TLSSocket._finishInit (node:_tls_wrap:1077:8)
      at ssl.onhandshakedone (node:_tls_wrap:863:12) {
    code: 'DEPTH_ZERO_SELF_SIGNED_CERT'
  },
  error: Error: self-signed certificate; if the root CA is installed locally, try running Node.js with --use-system-ca
      at TLSSocket.onConnectSecure (node:_tls_wrap:1631:34)
      at TLSSocket.emit (node:events:508:28)
      at TLSSocket._finishInit (node:_tls_wrap:1077:8)
      at ssl.onhandshakedone (node:_tls_wrap:863:12) {
    code: 'DEPTH_ZERO_SELF_SIGNED_CERT'
  },
  options: {
    encoding: null,
    gzip: true,
    jar: RequestJar { _jar: [CookieJar] },
    strictSSL: true,
    forever: true,
    headers: {
      'User-Agent': 'uncss',
      'Accept-Language': 'en',
      Accept: '*/*',
      referer: 'file:///var/www/backstage.ekalexandria.org/public/wp-content/themes/ekalexandria-flagship/ai-work/scopings/index.html'
    },
    uri: 'https://backstage.ekalexandria.org/wp-content/themes/betheme/js/jquery.jplayer.min.js?ver=4.8',
    callback: [Function: RP$callback],
    transform: undefined,
    simple: true,
    resolveWithFullResponse: false,
    transform2xxOnly: false
  },
  response: undefined
}
Error: Could not load script: "https://backstage.ekalexandria.org/wp-content/themes/betheme/js/colorpicker/js/colorpicker.js?ver=4.8"
    at onErrorWrapped (/home/alexseif/.npm/_npx/c14ab5dfe5bb1347/node_modules/jsdom/lib/jsdom/browser/resources/per-document-resource-loader.js:38:19)
    at Object.check (/home/alexseif/.npm/_npx/c14ab5dfe5bb1347/node_modules/jsdom/lib/jsdom/browser/resources/resource-queue.js:72:23)
    at /home/alexseif/.npm/_npx/c14ab5dfe5bb1347/node_modules/jsdom/lib/jsdom/browser/resources/resource-queue.js:124:14
    at process.processTicksAndRejections (node:internal/process/task_queues:105:5) RequestError: Error: self-signed certificate; if the root CA is installed locally, try running Node.js with --use-system-ca
    at new RequestError (/home/alexseif/.npm/_npx/c14ab5dfe5bb1347/node_modules/request-promise-core/lib/errors.js:14:15)
    at plumbing.callback (/home/alexseif/.npm/_npx/c14ab5dfe5bb1347/node_modules/request-promise-core/lib/plumbing.js:87:29)
    at Request.RP$callback [as _callback] (/home/alexseif/.npm/_npx/c14ab5dfe5bb1347/node_modules/request-promise-core/lib/plumbing.js:46:31)
    at self.callback (/home/alexseif/.npm/_npx/c14ab5dfe5bb1347/node_modules/request/request.js:185:22)
    at Request.emit (node:events:508:28)
    at Request.onRequestError (/home/alexseif/.npm/_npx/c14ab5dfe5bb1347/node_modules/request/request.js:877:8)
    at ClientRequest.emit (node:events:508:28)
    at emitErrorEvent (node:_http_client:107:11)
    at TLSSocket.socketErrorListener (node:_http_client:574:5)
    at TLSSocket.emit (node:events:508:28) {
  cause: Error: self-signed certificate; if the root CA is installed locally, try running Node.js with --use-system-ca
      at TLSSocket.onConnectSecure (node:_tls_wrap:1631:34)
      at TLSSocket.emit (node:events:508:28)
      at TLSSocket._finishInit (node:_tls_wrap:1077:8)
      at ssl.onhandshakedone (node:_tls_wrap:863:12) {
    code: 'DEPTH_ZERO_SELF_SIGNED_CERT'
  },
  error: Error: self-signed certificate; if the root CA is installed locally, try running Node.js with --use-system-ca
      at TLSSocket.onConnectSecure (node:_tls_wrap:1631:34)
      at TLSSocket.emit (node:events:508:28)
      at TLSSocket._finishInit (node:_tls_wrap:1077:8)
      at ssl.onhandshakedone (node:_tls_wrap:863:12) {
    code: 'DEPTH_ZERO_SELF_SIGNED_CERT'
  },
  options: {
    encoding: null,
    gzip: true,
    jar: RequestJar { _jar: [CookieJar] },
    strictSSL: true,
    forever: true,
    headers: {
      'User-Agent': 'uncss',
      'Accept-Language': 'en',
      Accept: '*/*',
      referer: 'file:///var/www/backstage.ekalexandria.org/public/wp-content/themes/ekalexandria-flagship/ai-work/scopings/index.html'
    },
    uri: 'https://backstage.ekalexandria.org/wp-content/themes/betheme/js/colorpicker/js/colorpicker.js?ver=4.8',
    callback: [Function: RP$callback],
    transform: undefined,
    simple: true,
    resolveWithFullResponse: false,
    transform2xxOnly: false
  },
  response: undefined
}
Error: Could not load script: "https://backstage.ekalexandria.org/wp-content/themes/betheme/js/jquery.plugins.js?ver=4.8"
    at onErrorWrapped (/home/alexseif/.npm/_npx/c14ab5dfe5bb1347/node_modules/jsdom/lib/jsdom/browser/resources/per-document-resource-loader.js:38:19)
    at Object.check (/home/alexseif/.npm/_npx/c14ab5dfe5bb1347/node_modules/jsdom/lib/jsdom/browser/resources/resource-queue.js:72:23)
    at /home/alexseif/.npm/_npx/c14ab5dfe5bb1347/node_modules/jsdom/lib/jsdom/browser/resources/resource-queue.js:124:14
    at process.processTicksAndRejections (node:internal/process/task_queues:105:5) RequestError: Error: self-signed certificate; if the root CA is installed locally, try running Node.js with --use-system-ca
    at new RequestError (/home/alexseif/.npm/_npx/c14ab5dfe5bb1347/node_modules/request-promise-core/lib/errors.js:14:15)
    at plumbing.callback (/home/alexseif/.npm/_npx/c14ab5dfe5bb1347/node_modules/request-promise-core/lib/plumbing.js:87:29)
    at Request.RP$callback [as _callback] (/home/alexseif/.npm/_npx/c14ab5dfe5bb1347/node_modules/request-promise-core/lib/plumbing.js:46:31)
    at self.callback (/home/alexseif/.npm/_npx/c14ab5dfe5bb1347/node_modules/request/request.js:185:22)
    at Request.emit (node:events:508:28)
    at Request.onRequestError (/home/alexseif/.npm/_npx/c14ab5dfe5bb1347/node_modules/request/request.js:877:8)
    at ClientRequest.emit (node:events:508:28)
    at emitErrorEvent (node:_http_client:107:11)
    at TLSSocket.socketErrorListener (node:_http_client:574:5)
    at TLSSocket.emit (node:events:508:28) {
  cause: Error: self-signed certificate; if the root CA is installed locally, try running Node.js with --use-system-ca
      at TLSSocket.onConnectSecure (node:_tls_wrap:1631:34)
      at TLSSocket.emit (node:events:508:28)
      at TLSSocket._finishInit (node:_tls_wrap:1077:8)
      at ssl.onhandshakedone (node:_tls_wrap:863:12) {
    code: 'DEPTH_ZERO_SELF_SIGNED_CERT'
  },
  error: Error: self-signed certificate; if the root CA is installed locally, try running Node.js with --use-system-ca
      at TLSSocket.onConnectSecure (node:_tls_wrap:1631:34)
      at TLSSocket.emit (node:events:508:28)
      at TLSSocket._finishInit (node:_tls_wrap:1077:8)
      at ssl.onhandshakedone (node:_tls_wrap:863:12) {
    code: 'DEPTH_ZERO_SELF_SIGNED_CERT'
  },
  options: {
    encoding: null,
    gzip: true,
    jar: RequestJar { _jar: [CookieJar] },
    strictSSL: true,
    forever: true,
    headers: {
      'User-Agent': 'uncss',
      'Accept-Language': 'en',
      Accept: '*/*',
      referer: 'file:///var/www/backstage.ekalexandria.org/public/wp-content/themes/ekalexandria-flagship/ai-work/scopings/index.html'
    },
    uri: 'https://backstage.ekalexandria.org/wp-content/themes/betheme/js/jquery.plugins.js?ver=4.8',
    callback: [Function: RP$callback],
    transform: undefined,
    simple: true,
    resolveWithFullResponse: false,
    transform2xxOnly: false
  },
  response: undefined
}
